// Jest Snapshot v1, https://goo.gl/fbAQLP

exports[`formats javascript/es6 should be a valid JS file 1`] = `
"/**
 * Do not edit directly
 * Generated on Sat, 01 Jan 2000 00:00:00 GMT
 */

export const red = \\"#EF5350\\";
"
`;
